// Jest Snapshot v1, https://goo.gl/fbAQLP

exports[`Expect to render App Component 1`] = `
<h1>
  Loading
</h1>
`;
