// Jest Snapshot v1, https://goo.gl/fbAQLP

exports[`Expect to render Card Component 1`] = `ShallowWrapper {}`;
