// Jest Snapshot v1, https://goo.gl/fbAQLP

exports[`Expect to render CardList Component 1`] = `ShallowWrapper {}`;
