// Jest Snapshot v1, https://goo.gl/fbAQLP

exports[`Expect to render scroll Component 1`] = `ShallowWrapper {}`;
