// Jest Snapshot v1, https://goo.gl/fbAQLP

exports[`Expect to render SearchBox Component 1`] = `ShallowWrapper {}`;
